// Jest Snapshot v1, https://goo.gl/fbAQLP

exports[`Tasks.Redux.Selectors.AllTasks.getTasks should get all tasks when receiving a state 1`] = `
Object {
  "1": Object {
    "description": "Description",
    "id": 1,
    "title": "Title",
  },
  "2": Object {
    "description": "Description",
    "id": 2,
    "title": "Title",
  },
  "3": Object {
    "description": "Description",
    "id": 3,
    "title": "Title",
  },
}
`;
